// Jest Snapshot v1, https://goo.gl/fbAQLP

exports[`Snapshot test for the "UISeparator" component renders correctly 1`] = `
<View
  style={
    Array [
      Object {
        "marginBottom": 20,
        "marginTop": 20,
      },
      Object {
        "backgroundColor": "#C4C4C4",
        "height": 0.5,
      },
    ]
  }
/>
`;
